###############################################################################
#
# IAR C/C++ Compiler V6.40.1.950/W32 for MSP430           15/Mar/2017  15:08:15
# Copyright 1996-2015 IAR Systems AB.
# Standalone license - IAR Embedded Workbench for Texas Instruments MSP430
#
#    __rt_version  =  3
#    __double_size =  32
#    __reg_r4      =  regvar
#    __reg_r5      =  free
#    __pic         =  no
#    __core        =  430
#    Source file   =  E:\_ARTON_PROJ\Arton-DL1-R\BI\soft\git\delay.c
#    Command line  =  
#        E:\_ARTON_PROJ\Arton-DL1-R\BI\soft\git\delay.c -lcN
#        E:\_ARTON_PROJ\Arton-DL1-R\BI\soft\git\IAR\Debug\List -o
#        E:\_ARTON_PROJ\Arton-DL1-R\BI\soft\git\IAR\Debug\Obj --debug
#        -D__MSP430G2332__ -e --double=32 --regvar_r4 --dlib_config "C:\Program
#        Files (x86)\IAR Systems\Embedded Workbench 7.3\430\lib\dlib\dl430fn.h"
#        -I ..\RF\ -I RF\ -Oh
#    List file     =  
#        E:\_ARTON_PROJ\Arton-DL1-R\BI\soft\git\IAR\Debug\List\delay.lst
#    Object file   =  
#        E:\_ARTON_PROJ\Arton-DL1-R\BI\soft\git\IAR\Debug\Obj\delay.r43
#
###############################################################################

E:\_ARTON_PROJ\Arton-DL1-R\BI\soft\git\delay.c
      1          /**********************************************************************************
      2           *
      3           *      Delays routine
      4           *
      5           **********************************************************************************
      6           * FileName:        delay.c
      7           * Version:			1.00
      8           *
      9           * Processor:       MSP430G2xxx
     10           * Complier:        IAR Workbench for MSP430 v4.50 or higher
     11           *                  
     12           * Company:         ARTON
     13           *
     14           *
     15           * Author               Date      	Version	  		Comment
     16           *-------------------------------------------------------------------------------
     17           * Oleg Semeniuk	 20.11.2013    	1.00		Release for v1.00
     18           *
     19          
     20           *********************************************************************************/
     21          
     22          #include "hardware.h"
     23          
     24          
     25          
     26          /*********************************************************************************/
     27          /*                                FUNCTIONS                                      */
     28          /*********************************************************************************/
     29          
     30          //-------------------------------------------------------------------------------------------------
     31          // Function		: void DelayUs_8MHz(unsigned short us)
     32          // Parameters	: us = delay in us
     33          // Return		: None
     34          // Description	: Function of the delay for 8MHz
     35          //-------------------------------------------------------------------------------------------------
     36          void DelayUs_8MHz(unsigned short us) {
     37          	while (us--){
     38          		asm("nop");
     39          		asm("nop");
     40          		asm("nop");
     41          		asm("nop");
     42          	}
     43          }
     44          
     45          
     46          //-------------------------------------------------------------------------------------------------
     47          // Function		: void DelayUs(unsigned short us)
     48          // Parameters	: us = delay in us
     49          // Return		: None
     50          // Description	: Function of the delay for 8MHz
     51          //-------------------------------------------------------------------------------------------------
     52          #pragma optimize=none
     53          void DelayUs(unsigned short us) {
     54          	us >>= 4;
     55          	while (us--){
     56          		asm("nop");
     57          		asm("nop");
     58          		asm("nop");
     59          		asm("nop");
     60          	}
     61          }
     62          
     63          #pragma optimize=none
     64          void Delay30Us(void) {
     65          		asm("nop");
     66          		asm("nop");
     67          		asm("nop");
     68          		asm("nop");
     69          		asm("nop");
     70          		asm("nop");
     71          		asm("nop");
     72          		asm("nop");
     73          }
     74          
     75          
     76          
     77          //-------------------------------------------------------------------------------------------------
     78          // Function		: void DelayMs(unsigned short ms)
     79          // Parameters	: ms = delay in ms
     80          // Return		: None
     81          // Description	: Function of the delay for 8MHz
     82          //-------------------------------------------------------------------------------------------------
     83          void DelayMs(unsigned short ms) {
     84          	while (ms--){
     85          		DelayUs(997);
     86          	}
     87          }
     88          
     89          
     90          
     91          // End delay.c

   Maximum stack usage in bytes:

   CSTACK Function
   ------ --------
      2   Delay30Us
      2   DelayMs
        2   -> DelayUs
      2   DelayUs
      2   DelayUs_8MHz


   Segment part sizes:

   Bytes  Function/Label
   -----  --------------
      18  Delay30Us
      20  DelayMs
      32  DelayUs
      20  DelayUs_8MHz

 
 90 bytes in segment CODE
 
 90 bytes of CODE memory

Errors: none
Warnings: none
