################################################################################
#                                                                              #
#      IAR Universal Linker V6.3.4.78                                          #
#                                                                              #
#           Link time     =  07/Mar/2017  16:05:39                             #
#           Target CPU    =  MSP430                                            #
#           List file     =  E:\_ARTON_PROJ\Arton-DL1-R\BI\soft\git\IAR\Debug\ #
#                            List\DL1R_BI.map                                  #
#           Output file 1 =  E:\_ARTON_PROJ\Arton-DL1-R\BI\soft\git\IAR\Debug\ #
#                            Exe\DL1R_BI.d43                                   #
#                            Format: ubrof10                                   #
#                            UBROF version 10.0.6                              #
#                            Using library modules for C-SPY (-rt)             #
#           Command line  =  E:\_ARTON_PROJ\Arton-DL1-R\BI\soft\git\IAR\Debug\ #
#                            Obj\delay.r43                                     #
#                            E:\_ARTON_PROJ\Arton-DL1-R\BI\soft\git\IAR\Debug\ #
#                            Obj\flash.r43                                     #
#                            E:\_ARTON_PROJ\Arton-DL1-R\BI\soft\git\IAR\Debug\ #
#                            Obj\hardware.r43                                  #
#                            E:\_ARTON_PROJ\Arton-DL1-R\BI\soft\git\IAR\Debug\ #
#                            Obj\main.r43                                      #
#                            E:\_ARTON_PROJ\Arton-DL1-R\BI\soft\git\IAR\Debug\ #
#                            Obj\time.r43                                      #
#                            -o                                                #
#                            E:\_ARTON_PROJ\Arton-DL1-R\BI\soft\git\IAR\Debug\ #
#                            Exe\DL1R_BI.d43                                   #
#                            -l                                                #
#                            E:\_ARTON_PROJ\Arton-DL1-R\BI\soft\git\IAR\Debug\ #
#                            List\DL1R_BI.map                                  #
#                            -xms                                              #
#                            "-IC:\Program Files (x86)\IAR Systems\Embedded Wo #
#                            rkbench 7.3\430\LIB\"                             #
#                            -f                                                #
#                            "C:\Program Files (x86)\IAR Systems\Embedded Work #
#                            bench 7.3\430\config\linker\lnk430g2332.xcl"      #
#                            (-cmsp430 -QCODE_I=CODE_ID -QTLS16_I=TLS16_ID     #
#                            -Z(CONST)INFO=1000-10FF                           #
#                            -Z(CONST)INFOA=10C0-10FF                          #
#                            -Z(CONST)INFOB=1080-10BF                          #
#                            -Z(CONST)INFOC=1040-107F                          #
#                            -Z(CONST)INFOD=1000-103F                          #
#                            -Z(DATA)DATA16_I,DATA16_Z,DATA16_N,TLS16_I=0200-0 #
#                            2FF                                               #
#                            -Z(DATA)DATA16_HEAP+_DATA16_HEAP_SIZE             #
#                            -Z(DATA)CODE_I -Z(DATA)CSTACK+_STACK_SIZE#        #
#                            -Z(CONST)DATA16_C,DATA16_ID,TLS16_ID,DIFUNCT,CHEC #
#                            KSUM=F000-FFDF                                    #
#                            -Z(CODE)CSTART,ISR_CODE,CODE_ID=F000-FFDF         #
#                            -P(CODE)CODE=F000-FFDF -Z(CODE)INTVEC=FFE0-FFFF   #
#                            -Z(CODE)RESET=FFFE-FFFF) -D_STACK_SIZE=64 -rt     #
#                            "C:\Program Files (x86)\IAR Systems\Embedded Work #
#                            bench 7.3\430\lib\dlib\dl430fn.r43"               #
#                            -D_DATA16_HEAP_SIZE=0 -s __program_start          #
#                            -D_DATA20_HEAP_SIZE=50 --enable_stack_usage       #
#                                                                              #
#                           Copyright (C) 1987-2015 IAR Systems AB.            #
################################################################################





                ****************************************
                *                                      *
                *           CROSS REFERENCE            *
                *                                      *
                ****************************************

       Program entry at :           F002  Relocatable, from module : ?cstart




                ****************************************
                *                                      *
                *            RUNTIME MODEL             *
                *                                      *
                ****************************************

  __Heap_Handler             = Basic
  __SystemLibrary            = DLib
  __core                     = 430
  __dlib_file_descriptor     = 0
  __dlib_full_locale_support = 0
  __double_size              = 32
  __pic                      = no
  __reg_r4                   = regvar
  __reg_r5                   = free
  __rt_version               = 3

                ****************************************
                *                                      *
                *    AUTOMATIC SYMBOL REDIRECTIONS     *
                *                                      *
                ****************************************

                  There are no automatic symbol redirections.



                ****************************************
                *                                      *
                *              MODULE MAP              *
                *                                      *
                ****************************************


  DEFINED ABSOLUTE ENTRIES
    *************************************************************************

  DEFINED ABSOLUTE ENTRIES
  PROGRAM MODULE, NAME : ?ABS_ENTRY_MOD

Absolute parts
           ENTRY                   ADDRESS         REF BY
           =====                   =======         ======
           _DATA20_HEAP_SIZE       0050 
           _DATA16_HEAP_SIZE       0000 
           _STACK_SIZE             0064 
    *************************************************************************

  FILE NAME : E:\_ARTON_PROJ\Arton-DL1-R\BI\soft\git\IAR\Debug\Obj\delay.r43
  PROGRAM MODULE, NAME : delay

  SEGMENTS IN THE MODULE
  ======================
<CODE> 1 (was CODE)
  Relative segment, address: F1E8 - F207 (0x20 bytes), align: 1
  Segment part 3.             Intra module refs:   DelayMs
           ENTRY                   ADDRESS         REF BY
           =====                   =======         ======
           DelayUs                 F1E8 
    -------------------------------------------------------------------------
<CODE> 1 (was CODE)
  Relative segment, address: F2D4 - F2E7 (0x14 bytes), align: 1
  Segment part 5.
           ENTRY                   ADDRESS         REF BY
           =====                   =======         ======
           DelayMs                 F2D4            main (main)
               calls direct

    *************************************************************************

  FILE NAME : E:\_ARTON_PROJ\Arton-DL1-R\BI\soft\git\IAR\Debug\Obj\flash.r43
  PROGRAM MODULE, NAME : flash

  SEGMENTS IN THE MODULE
  ======================
DATA16_AN
  Relative segment, address: 0128 - 0129 (0x2 bytes), align: 0
  Segment part 1. ROOT        Intra module refs:   FlashEraseSegment
                                                   FlashWriteArray
           ENTRY                   ADDRESS         REF BY
           =====                   =======         ======
           FCTL1                   0128 
    -------------------------------------------------------------------------
DATA16_AN
  Relative segment, address: 012A - 012B (0x2 bytes), align: 0
  Segment part 2. ROOT        Intra module refs:   SavePropertyCS
                                                   StoragePropertyWord
           ENTRY                   ADDRESS         REF BY
           =====                   =======         ======
           FCTL2                   012A 
    -------------------------------------------------------------------------
DATA16_AN
  Relative segment, address: 012C - 012D (0x2 bytes), align: 0
  Segment part 3. ROOT        Intra module refs:   FlashEraseSegment
                                                   FlashWriteArray
                                                   SavePropertyCS
                                                   StoragePropertyWord
           ENTRY                   ADDRESS         REF BY
           =====                   =======         ======
           FCTL3                   012C 
    -------------------------------------------------------------------------
DATA16_AC
  Relative segment, address: 1040 - 1067 (0x28 bytes), align: 0
  Segment part 4. ROOT        Intra module refs:   GetPropertiesCS
           ENTRY                   ADDRESS         REF BY
           =====                   =======         ======
           ee_config               1040 
    -------------------------------------------------------------------------
DATA16_Z
  Relative segment, address: 0202 - 0215 (0x14 bytes), align: 1
  Segment part 6.             Intra module refs:   Segment part 8
           ENTRY                   ADDRESS         REF BY
           =====                   =======         ======
           signal_array            0202 
    -------------------------------------------------------------------------
DATA16_I
  Relative segment, address: 0200 - 0201 (0x2 bytes), align: 1
  Segment part 7.             Intra module refs:   ?Subroutine1
                                                   ?Subroutine2
                                                   SavePropertyCS
                                                   StoragePropertyWord
           ENTRY                   ADDRESS         REF BY
           =====                   =======         ======
           SegCBackup              0200 
    -------------------------------------------------------------------------
<CODE> 1 (was CODE)
  Relative segment, address: F31E - F32F (0x12 bytes), align: 1
  Segment part 10.            Intra module refs:   ?Subroutine1
           LOCAL                   ADDRESS         
           =====                   =======         
           ?Subroutine6            F31E 
    -------------------------------------------------------------------------
<CODE> 1 (was CODE)
  Relative segment, address: F260 - F279 (0x1a bytes), align: 1
  Segment part 12.            Intra module refs:   ?Subroutine1
           ENTRY                   ADDRESS         REF BY
           =====                   =======         ======
           FlashEraseSegment       F260 
    -------------------------------------------------------------------------
<CODE> 1 (was CODE)
  Relative segment, address: F340 - F34D (0xe bytes), align: 1
  Segment part 16.            Intra module refs:   ?Subroutine3
                                                   FlashEraseSegment
           LOCAL                   ADDRESS         
           =====                   =======         
           ?Subroutine7            F340 
    -------------------------------------------------------------------------
<CODE> 1 (was CODE)
  Relative segment, address: F2C0 - F2D3 (0x14 bytes), align: 1
  Segment part 17.            Intra module refs:   FlashEraseSegment
                                                   FlashWriteArray
           LOCAL                   ADDRESS         
           =====                   =======         
           ?Subroutine0            F2C0 
    -------------------------------------------------------------------------
<CODE> 1 (was CODE)
  Relative segment, address: F35A - F365 (0xc bytes), align: 1
  Segment part 15.            Intra module refs:   FlashWriteArray
           LOCAL                   ADDRESS         
           =====                   =======         
           ?Subroutine3            F35A 
    -------------------------------------------------------------------------
<CODE> 1 (was CODE)
  Relative segment, address: F164 - F19F (0x3c bytes), align: 1
  Segment part 18.            Intra module refs:   ?Subroutine2
           ENTRY                   ADDRESS         REF BY
           =====                   =======         ======
           FlashWriteArray         F164 
               calls direct
    -------------------------------------------------------------------------
<CODE> 1 (was CODE)
  Relative segment, address: F292 - F2A9 (0x18 bytes), align: 1
  Segment part 23.            Intra module refs:   SavePropertyCS
                                                   StoragePropertyWord
           LOCAL                   ADDRESS         
           =====                   =======         
           ?Subroutine2            F292 
    -------------------------------------------------------------------------
<CODE> 1 (was CODE)
  Relative segment, address: F208 - F225 (0x1e bytes), align: 1
  Segment part 25.
           ENTRY                   ADDRESS         REF BY
           =====                   =======         ======
           StoragePropertyWord     F208            VLO_TimerCalibr (time)
               calls direct
    -------------------------------------------------------------------------
<CODE> 1 (was CODE)
  Relative segment, address: F27A - F291 (0x18 bytes), align: 1
  Segment part 26.            Intra module refs:   SavePropertyCS
           ENTRY                   ADDRESS         REF BY
           =====                   =======         ======
           GetPropertiesCS         F27A 
    -------------------------------------------------------------------------
<CODE> 1 (was CODE)
  Relative segment, address: F226 - F243 (0x1e bytes), align: 1
  Segment part 27.
           ENTRY                   ADDRESS         REF BY
           =====                   =======         ======
           SavePropertyCS          F226            VLO_TimerCalibr (time)
               calls direct
    -------------------------------------------------------------------------
DATA16_ID
  Relative segment, address: F000 - F001 (0x2 bytes), align: 1
  Segment part 8.             Intra module refs:   SegCBackup
    -------------------------------------------------------------------------
<CODE> 1 (was CODE)
  Relative segment, address: F1A0 - F1C3 (0x24 bytes), align: 1
  Segment part 28.            Intra module refs:   SavePropertyCS
                                                   StoragePropertyWord
           LOCAL                   ADDRESS         
           =====                   =======         
           ?Subroutine1            F1A0 

    *************************************************************************

  FILE NAME : E:\_ARTON_PROJ\Arton-DL1-R\BI\soft\git\IAR\Debug\Obj\hardware.r43
  PROGRAM MODULE, NAME : hardware

  SEGMENTS IN THE MODULE
  ======================
DATA16_AN
  Relative segment, address: 0056 - 0056 (0x1 bytes), align: 0
  Segment part 1. ROOT        Intra module refs:   PORT2_ISR
                                                   main (main)
           ENTRY                   ADDRESS         REF BY
           =====                   =======         ======
           DCOCTL                  0056 
    -------------------------------------------------------------------------
DATA16_AN
  Relative segment, address: 0057 - 0057 (0x1 bytes), align: 0
  Segment part 2. ROOT        Intra module refs:   PORT2_ISR
                                                   main (main)
           ENTRY                   ADDRESS         REF BY
           =====                   =======         ======
           BCSCTL1                 0057 
    -------------------------------------------------------------------------
DATA16_AN
  Relative segment, address: 0021 - 0021 (0x1 bytes), align: 0
  Segment part 3. ROOT        Intra module refs:   GPIO_Init
                                                   main (main)
           ENTRY                   ADDRESS         REF BY
           =====                   =======         ======
           P1OUT                   0021 
    -------------------------------------------------------------------------
DATA16_AN
  Relative segment, address: 0022 - 0022 (0x1 bytes), align: 0
  Segment part 4. ROOT        Intra module refs:   GPIO_Init
           ENTRY                   ADDRESS         REF BY
           =====                   =======         ======
           P1DIR                   0022 
    -------------------------------------------------------------------------
DATA16_AN
  Relative segment, address: 0026 - 0026 (0x1 bytes), align: 0
  Segment part 5. ROOT        Intra module refs:   GPIO_Init
           ENTRY                   ADDRESS         REF BY
           =====                   =======         ======
           P1SEL                   0026 
    -------------------------------------------------------------------------
DATA16_AN
  Relative segment, address: 0029 - 0029 (0x1 bytes), align: 0
  Segment part 6. ROOT        Intra module refs:   GPIO_Init
                                                   main (main)
           ENTRY                   ADDRESS         REF BY
           =====                   =======         ======
           P2OUT                   0029 
    -------------------------------------------------------------------------
DATA16_AN
  Relative segment, address: 002A - 002A (0x1 bytes), align: 0
  Segment part 7. ROOT        Intra module refs:   GPIO_Init
           ENTRY                   ADDRESS         REF BY
           =====                   =======         ======
           P2DIR                   002A 
    -------------------------------------------------------------------------
DATA16_AN
  Relative segment, address: 002B - 002B (0x1 bytes), align: 0
  Segment part 8. ROOT        Intra module refs:   GPIO_Init
                                                   PORT2_ISR
           ENTRY                   ADDRESS         REF BY
           =====                   =======         ======
           P2IFG                   002B 
    -------------------------------------------------------------------------
DATA16_AN
  Relative segment, address: 002C - 002C (0x1 bytes), align: 0
  Segment part 9. ROOT        Intra module refs:   GPIO_Init
           ENTRY                   ADDRESS         REF BY
           =====                   =======         ======
           P2IES                   002C 
    -------------------------------------------------------------------------
DATA16_AN
  Relative segment, address: 002D - 002D (0x1 bytes), align: 0
  Segment part 10. ROOT       Intra module refs:   GPIO_Init
                                                   PORT2_ISR
           ENTRY                   ADDRESS         REF BY
           =====                   =======         ======
           P2IE                    002D 
    -------------------------------------------------------------------------
DATA16_AN
  Relative segment, address: 002E - 002E (0x1 bytes), align: 0
  Segment part 11. ROOT       Intra module refs:   GPIO_Init
           ENTRY                   ADDRESS         REF BY
           =====                   =======         ======
           P2SEL                   002E 
    -------------------------------------------------------------------------
DATA16_AN
  Relative segment, address: 002F - 002F (0x1 bytes), align: 0
  Segment part 12. ROOT       Intra module refs:   GPIO_Init
           ENTRY                   ADDRESS         REF BY
           =====                   =======         ======
           P2REN                   002F 
    -------------------------------------------------------------------------
DATA16_AN
  Relative segment, address: 10FC - 10FC (0x1 bytes), align: 0
  Segment part 13. ROOT       Intra module refs:   PORT2_ISR
           ENTRY                   ADDRESS         REF BY
           =====                   =======         ======
           CALDCO_8MHZ             10FC 
    -------------------------------------------------------------------------
DATA16_AN
  Relative segment, address: 10FD - 10FD (0x1 bytes), align: 0
  Segment part 14. ROOT       Intra module refs:   PORT2_ISR
           ENTRY                   ADDRESS         REF BY
           =====                   =======         ======
           CALBC1_8MHZ             10FD 
    -------------------------------------------------------------------------
<CODE> 1 (was CODE)
  Relative segment, address: F380 - F381 (0x2 bytes), align: 1
  Segment part 18.            Intra module refs:   PORT1_ISR::??INTVEC 4
           ENTRY                   ADDRESS         REF BY
           =====                   =======         ======
           PORT1_ISR               F380 
               interrupt function
    -------------------------------------------------------------------------
<CODE> 1 (was CODE)
  Relative segment, address: F1C4 - F1E7 (0x24 bytes), align: 1
  Segment part 19.            Intra module refs:   PORT2_ISR::??INTVEC 6
           ENTRY                   ADDRESS         REF BY
           =====                   =======         ======
           PORT2_ISR               F1C4 
               interrupt function
    -------------------------------------------------------------------------
<CODE> 1 (was CODE)
  Relative segment, address: F120 - F145 (0x26 bytes), align: 1
  Segment part 21.            Intra module refs:   GPIO_Init
           LOCAL                   ADDRESS         
           =====                   =======         
           ?Subroutine0            F120 
    -------------------------------------------------------------------------
<CODE> 1 (was CODE)
  Relative segment, address: F146 - F163 (0x1e bytes), align: 1
  Segment part 22.
           ENTRY                   ADDRESS         REF BY
           =====                   =======         ======
           GPIO_Init               F146            main (main)
    -------------------------------------------------------------------------
INTVEC
  Common segment, address: FFE0 - FFE5 (0x6 bytes), align: 1
  Segment part 15. ROOT 
           ENTRY                   ADDRESS         REF BY
           =====                   =======         ======
           PORT1_ISR::??INTVEC 4   FFE4 
    -------------------------------------------------------------------------
INTVEC
  Common segment, address: FFE0 - FFE7 (0x8 bytes), align: 1
  Segment part 16. ROOT 
           ENTRY                   ADDRESS         REF BY
           =====                   =======         ======
           PORT2_ISR::??INTVEC 6   FFE6 

    *************************************************************************

  FILE NAME : E:\_ARTON_PROJ\Arton-DL1-R\BI\soft\git\IAR\Debug\Obj\main.r43
  PROGRAM MODULE, NAME : main

  SEGMENTS IN THE MODULE
  ======================
DATA16_AN
  Relative segment, address: 0000 - 0000 (0x1 bytes), align: 0
  Segment part 1. ROOT        Intra module refs:   main
           ENTRY                   ADDRESS         REF BY
           =====                   =======         ======
           IE1                     0000 
    -------------------------------------------------------------------------
DATA16_AN
  Relative segment, address: 0002 - 0002 (0x1 bytes), align: 0
  Segment part 2. ROOT        Intra module refs:   main
           ENTRY                   ADDRESS         REF BY
           =====                   =======         ======
           IFG1                    0002 
    -------------------------------------------------------------------------
DATA16_AN
  Relative segment, address: 0053 - 0053 (0x1 bytes), align: 0
  Segment part 5. ROOT        Intra module refs:   main
           ENTRY                   ADDRESS         REF BY
           =====                   =======         ======
           BCSCTL3                 0053 
    -------------------------------------------------------------------------
DATA16_AN
  Relative segment, address: 0120 - 0121 (0x2 bytes), align: 0
  Segment part 8. ROOT        Intra module refs:   main
           ENTRY                   ADDRESS         REF BY
           =====                   =======         ======
           WDTCTL                  0120 
    -------------------------------------------------------------------------
DATA16_AN
  Relative segment, address: 10FE - 10FE (0x1 bytes), align: 0
  Segment part 9. ROOT        Intra module refs:   main
           ENTRY                   ADDRESS         REF BY
           =====                   =======         ======
           CALDCO_1MHZ             10FE 
    -------------------------------------------------------------------------
DATA16_AN
  Relative segment, address: 10FF - 10FF (0x1 bytes), align: 0
  Segment part 10. ROOT       Intra module refs:   main
           ENTRY                   ADDRESS         REF BY
           =====                   =======         ======
           CALBC1_1MHZ             10FF 
    -------------------------------------------------------------------------
REGVAR_AN
  Relative segment, address: REGISTER 0008 - 0009 (0x2 bytes), align: 0
  Segment part 11. ROOT       Intra module refs:   ADC10_ISR
                                                   main
                                                   watchdog_timer
           ENTRY                   ADDRESS         REF BY
           =====                   =======         ======
           f                       0008            CCR0_ISR (time)
                                                   PORT2_ISR (hardware)
                                                   VLO_TimerCalibr (time)
    -------------------------------------------------------------------------
DATA16_Z
  Relative segment, address: 0216 - 0217 (0x2 bytes), align: 1
  Segment part 15.            Intra module refs:   main
           ENTRY                   ADDRESS         REF BY
           =====                   =======         ======
           timerMain               0216 
    -------------------------------------------------------------------------
DATA16_Z
  Relative segment, address: 021A - 021A (0x1 bytes), align: 0
  Segment part 17.            Intra module refs:   main
           ENTRY                   ADDRESS         REF BY
           =====                   =======         ======
           DeviceMode              021A 
    -------------------------------------------------------------------------
DATA16_Z
  Relative segment, address: 021B - 021B (0x1 bytes), align: 0
  Segment part 18.            Intra module refs:   main
           ENTRY                   ADDRESS         REF BY
           =====                   =======         ======
           DeviceFault             021B 
    -------------------------------------------------------------------------
DATA16_Z
  Relative segment, address: 021C - 021C (0x1 bytes), align: 0
  Segment part 20.            Intra module refs:   watchdog_timer
           ENTRY                   ADDRESS         REF BY
           =====                   =======         ======
           Timer50msCounter        021C 
    -------------------------------------------------------------------------
DATA16_Z
  Relative segment, address: 021D - 021D (0x1 bytes), align: 0
  Segment part 24.            Intra module refs:   main
           ENTRY                   ADDRESS         REF BY
           =====                   =======         ======
           fTimerA1_On             021D 
    -------------------------------------------------------------------------
DATA16_Z
  Relative segment, address: 0218 - 0219 (0x2 bytes), align: 1
  Segment part 26.            Intra module refs:   main
           ENTRY                   ADDRESS         REF BY
           =====                   =======         ======
           cfg_reg                 0218 
    -------------------------------------------------------------------------
DATA16_Z
  Relative segment, address: 021E - 021E (0x1 bytes), align: 0
  Segment part 28.            Intra module refs:   ADC10_ISR
           ENTRY                   ADDRESS         REF BY
           =====                   =======         ======
           adc_process             021E 
    -------------------------------------------------------------------------
<CODE> 1 (was CODE)
  Relative segment, address: F02A - F0DB (0xb2 bytes), align: 1
  Segment part 33.
           ENTRY                   ADDRESS         REF BY
           =====                   =======         ======
           main                    F02A            Segment part 18 (?cstart)
               calls direct
    -------------------------------------------------------------------------
<CODE> 1 (was CODE)
  Relative segment, address: F2AA - F2BF (0x16 bytes), align: 1
  Segment part 34.            Intra module refs:   main
           LOCAL                   ADDRESS         
           =====                   =======         
           ?Subroutine0            F2AA 
    -------------------------------------------------------------------------
<CODE> 1 (was CODE)
  Relative segment, address: F30C - F31D (0x12 bytes), align: 1
  Segment part 35.            Intra module refs:   watchdog_timer::??INTVEC 20
           ENTRY                   ADDRESS         REF BY
           =====                   =======         ======
           watchdog_timer          F30C 
               interrupt function
    -------------------------------------------------------------------------
<CODE> 1 (was CODE)
  Relative segment, address: F366 - F36F (0xa bytes), align: 1
  Segment part 38.            Intra module refs:   ADC10_ISR::??INTVEC 10
           ENTRY                   ADDRESS         REF BY
           =====                   =======         ======
           ADC10_ISR               F366 
               interrupt function
    -------------------------------------------------------------------------
INTVEC
  Common segment, address: FFE0 - FFEB (0xc bytes), align: 1
  Segment part 12. ROOT 
           ENTRY                   ADDRESS         REF BY
           =====                   =======         ======
           ADC10_ISR::??INTVEC 10
                                   FFEA 
    -------------------------------------------------------------------------
INTVEC
  Common segment, address: FFE0 - FFF5 (0x16 bytes), align: 1
  Segment part 13. ROOT 
           ENTRY                   ADDRESS         REF BY
           =====                   =======         ======
           watchdog_timer::??INTVEC 20
                                   FFF4 

    *************************************************************************

  FILE NAME : E:\_ARTON_PROJ\Arton-DL1-R\BI\soft\git\IAR\Debug\Obj\time.r43
  PROGRAM MODULE, NAME : time

  SEGMENTS IN THE MODULE
  ======================
DATA16_AN
  Relative segment, address: 0160 - 0161 (0x2 bytes), align: 0
  Segment part 1. ROOT        Intra module refs:   Timer_A0_Init
                                                   VLO_TimerCalibr
           ENTRY                   ADDRESS         REF BY
           =====                   =======         ======
           TA0CTL                  0160 
    -------------------------------------------------------------------------
DATA16_AN
  Relative segment, address: 0162 - 0163 (0x2 bytes), align: 0
  Segment part 2. ROOT        Intra module refs:   Timer_A0_Init
                                                   VLO_TimerCalibr
           ENTRY                   ADDRESS         REF BY
           =====                   =======         ======
           TA0CCTL0                0162 
    -------------------------------------------------------------------------
DATA16_AN
  Relative segment, address: 0164 - 0165 (0x2 bytes), align: 0
  Segment part 3. ROOT        Intra module refs:   VLO_TimerCalibr
           ENTRY                   ADDRESS         REF BY
           =====                   =======         ======
           TA0CCTL1                0164 
    -------------------------------------------------------------------------
DATA16_AN
  Relative segment, address: 0170 - 0171 (0x2 bytes), align: 0
  Segment part 4. ROOT        Intra module refs:   Timer_A0_Init
           ENTRY                   ADDRESS         REF BY
           =====                   =======         ======
           TA0R                    0170 
    -------------------------------------------------------------------------
DATA16_AN
  Relative segment, address: 0172 - 0173 (0x2 bytes), align: 0
  Segment part 5. ROOT        Intra module refs:   Timer_A0_Init
                                                   VLO_TimerCalibr
           ENTRY                   ADDRESS         REF BY
           =====                   =======         ======
           TA0CCR0                 0172 
    -------------------------------------------------------------------------
<CODE> 1 (was CODE)
  Relative segment, address: F0DC - F11F (0x44 bytes), align: 1
  Segment part 8.
           ENTRY                   ADDRESS         REF BY
           =====                   =======         ======
           VLO_TimerCalibr         F0DC            main (main)
               calls direct
    -------------------------------------------------------------------------
<CODE> 1 (was CODE)
  Relative segment, address: F244 - F25F (0x1c bytes), align: 1
  Segment part 12.
           ENTRY                   ADDRESS         REF BY
           =====                   =======         ======
           Timer_A0_Init           F244            main (main)
    -------------------------------------------------------------------------
<CODE> 1 (was CODE)
  Relative segment, address: F378 - F37B (0x4 bytes), align: 1
  Segment part 14.            Intra module refs:   CCR0_ISR::??INTVEC 18
           ENTRY                   ADDRESS         REF BY
           =====                   =======         ======
           CCR0_ISR                F378 
               interrupt function
    -------------------------------------------------------------------------
INTVEC
  Common segment, address: FFE0 - FFF3 (0x14 bytes), align: 1
  Segment part 6. ROOT 
           ENTRY                   ADDRESS         REF BY
           =====                   =======         ======
           CCR0_ISR::??INTVEC 18   FFF2 

    *************************************************************************

  FILE NAME : C:\Program Files (x86)\IAR Systems\Embedded Workbench 7.3\430\lib\dlib\dl430fn.r43
  LIBRARY MODULE, NAME : ?__dbg_break

  SEGMENTS IN THE MODULE
  ======================
<CODE> 1 (was CODE)
  Relative segment, address: F382 - F383 (0x2 bytes), align: 1
  Segment part 2.
           ENTRY                   ADDRESS         REF BY
           =====                   =======         ======
           __DebugBreak            F382            __exit (?__exit)

    -------------------------------------------------------------------------
  LIBRARY MODULE, NAME : ?__exit

  SEGMENTS IN THE MODULE
  ======================
<CODE> 1 (was CODE)
  Relative segment, address: F2E8 - F2F9 (0x12 bytes), align: 1
  Segment part 2.
           ENTRY                   ADDRESS         REF BY
           =====                   =======         ======
           __exit                  F2E8            Segment part 6 (?_exit)
                                                   _exit (?_exit)
               calls direct

    -------------------------------------------------------------------------
  LIBRARY MODULE, NAME : ?_exit

  SEGMENTS IN THE MODULE
  ======================
<CODE> 1 (was CODE)
  Relative segment, address: F37C, align: 1
  Segment part 0.
           ENTRY                   ADDRESS         REF BY
           =====                   =======         ======
           _exit                   F37C            exit (?exit)
    -------------------------------------------------------------------------
<CODE> 1 (was CODE)
  Relative segment, address: F37C - F37F (0x4 bytes), align: 1
  Segment part 6.             Intra module refs:   _exit

    -------------------------------------------------------------------------
  LIBRARY MODULE, NAME : ?cstart

  SEGMENTS IN THE MODULE
  ======================
CSTACK
  Relative segment, address: 029C, align: 1
  Segment part 1.
    -------------------------------------------------------------------------
DATA16_Z
  Relative segment, address: 021A, align: 1
  Segment part 2.
    -------------------------------------------------------------------------
DATA16_I
  Relative segment, address: 0202, align: 1
  Segment part 3.
    -------------------------------------------------------------------------
DATA16_ID
  Relative segment, address: F002, align: 1
  Segment part 4.
    -------------------------------------------------------------------------
CSTART
  Relative segment, address: F002 - F005 (0x4 bytes), align: 1
  Segment part 9.
           ENTRY                   ADDRESS         REF BY
           =====                   =======         ======
           __program_start         F002            ?reset_vector (?reset_vector)
                                                   Absolute parts (?ABS_ENTRY_MOD)
           ?cstart_begin           F002 
    -------------------------------------------------------------------------
CSTART
  Relative segment, address: F006 - F011 (0xc bytes), align: 1
  Segment part 13.
           ENTRY                   ADDRESS         REF BY
           =====                   =======         ======
           ?cstart_init_zero       F006            DeviceFault (main)
                                                   DeviceMode (main)
                                                   Timer50msCounter (main)
                                                   adc_process (main)
                                                   cfg_reg (main)
                                                   fTimerA1_On (main)
                                                   signal_array (flash)
                                                   timerMain (main)
    -------------------------------------------------------------------------
CSTART
  Relative segment, address: F012 - F021 (0x10 bytes), align: 1
  Segment part 14.
           ENTRY                   ADDRESS         REF BY
           =====                   =======         ======
           ?cstart_init_copy       F012            SegCBackup (flash)
    -------------------------------------------------------------------------
CSTART
  Relative segment, address: F022 - F029 (0x8 bytes), align: 1
  Segment part 18.            Intra module refs:   Segment part 9
           ENTRY                   ADDRESS         REF BY
           =====                   =======         ======
           ?cstart_call_main       F022 
           ?cstart_end             F02A 

    -------------------------------------------------------------------------
  LIBRARY MODULE, NAME : ?reset_vector

  SEGMENTS IN THE MODULE
  ======================
RESET
  Relative segment, address: FFFE - FFFF (0x2 bytes), align: 1
  Segment part 0.
           ENTRY                   ADDRESS         REF BY
           =====                   =======         ======
           ?reset_vector           FFFE            Segment part 9 (?cstart)

    -------------------------------------------------------------------------
  LIBRARY MODULE, NAME : ?Epilogue

  SEGMENTS IN THE MODULE
  ======================
<CODE> 1 (was CODE)
  Relative segment, address: F34E - F34F (0x2 bytes), align: 1
  Segment part 3.
           ENTRY                   ADDRESS         REF BY
           =====                   =======         ======
           ?Epilogue5              F34E            FlashWriteArray (flash)
    -------------------------------------------------------------------------
<CODE> 1 (was CODE)
  Relative segment, address: F350 - F351 (0x2 bytes), align: 1
  Segment part 4.             Intra module refs:   ?Epilogue5
           ENTRY                   ADDRESS         REF BY
           =====                   =======         ======
           ?Epilogue4              F350 
    -------------------------------------------------------------------------
<CODE> 1 (was CODE)
  Relative segment, address: F352 - F359 (0x8 bytes), align: 1
  Segment part 5.             Intra module refs:   ?Epilogue4
           ENTRY                   ADDRESS         REF BY
           =====                   =======         ======
           ?Epilogue3              F352 

    -------------------------------------------------------------------------
  LIBRARY MODULE, NAME : ?exit

  SEGMENTS IN THE MODULE
  ======================
<CODE> 1 (was CODE)
  Relative segment, address: F374 - F377 (0x4 bytes), align: 1
  Segment part 2.
           ENTRY                   ADDRESS         REF BY
           =====                   =======         ======
           exit                    F374            Segment part 18 (?cstart)
               calls direct

    -------------------------------------------------------------------------
  LIBRARY MODULE, NAME : ?memcpy

  SEGMENTS IN THE MODULE
  ======================
<CODE> 1 (was CODE)
  Relative segment, address: F2FA - F30B (0x12 bytes), align: 1
  Segment part 2.
           ENTRY                   ADDRESS         REF BY
           =====                   =======         ======
           memcpy                  F2FA            ?Subroutine1 (flash)
                                                   ?Subroutine2 (flash)
                                                   FlashWriteArray (flash)
                                                   __data16_memcpy (?memzero)

    -------------------------------------------------------------------------
  LIBRARY MODULE, NAME : ?memzero

  SEGMENTS IN THE MODULE
  ======================
<CODE> 1 (was CODE)
  Relative segment, address: F330 - F33F (0x10 bytes), align: 1
  Segment part 2.
           ENTRY                   ADDRESS         REF BY
           =====                   =======         ======
           __data16_memzero        F330            ?cstart_init_zero (?cstart)
    -------------------------------------------------------------------------
<CODE> 1 (was CODE)
  Relative segment, address: F370 - F373 (0x4 bytes), align: 1
  Segment part 3.
           ENTRY                   ADDRESS         REF BY
           =====                   =======         ======
           __data16_memcpy         F370            ?cstart_init_copy (?cstart)
               calls direct



                ****************************************
                *                                      *
                *             STACK USAGE              *
                *                                      *
                ****************************************

  Call Graph Root Category  Max Use  Total Use
  ------------------------  -------  ---------
  interrupt                      4         20
  Program entry                 32         32


Program entry
  "__program_start": 0x0000f002

  Maximum call chain                               32  bytes

    "__program_start"                               0
    "main"                                          2
    "VLO_TimerCalibr"                               2
    "StoragePropertyWord"                           8
    "FlashWriteArray"                              12
    "?Epilogue5"                                    0
    "?Epilogue4"                                    0
    "?Epilogue3"                                    8

interrupt
  "PORT1_ISR": 0x0000f380

  Maximum call chain                                4  bytes

    "PORT1_ISR"                                     4

interrupt
  "PORT2_ISR": 0x0000f1c4

  Maximum call chain                                4  bytes

    "PORT2_ISR"                                     4

interrupt
  "watchdog_timer": 0x0000f30c

  Maximum call chain                                4  bytes

    "watchdog_timer"                                4

interrupt
  "ADC10_ISR": 0x0000f366

  Maximum call chain                                4  bytes

    "ADC10_ISR"                                     4

interrupt
  "CCR0_ISR": 0x0000f378

  Maximum call chain                                4  bytes

    "CCR0_ISR"                                      4




                ****************************************
                *                                      *
                *      SEGMENTS IN ADDRESS ORDER       *
                *                                      *
                ****************************************


SEGMENT              SPACE    START ADDRESS   END ADDRESS     SIZE  TYPE  ALIGN
=======              =====    =============   ===========     ====  ====  =====
DATA16_AN                              0000 - 0000               1   rel    0
                                       0002 - 0002               1 
                                       0021 - 0022               2 
                                       0026 - 0026               1 
                                       0029 - 002F               7 
                                       0053 - 0053               1 
                                       0056 - 0057               2 
                                       0120 - 0121               2 
                                       0128 - 012D               6 
                                       0160 - 0165               6 
                                       0170 - 0173               4 
DATA16_I                               0200 - 0201               2   rel    1
DATA16_Z                               0202 - 021E              1D   rel    1
CSTACK                                 029C - 02FF              64   rel    1
DATA16_AC                              1040 - 1067              28   rel    0
DATA16_AN                              10FC - 10FF               4   rel    0
DATA16_C                                  F000                       dse    0
DATA16_ID                              F000 - F001               2   rel    1
CSTART                                 F002 - F029              28   rel    1
<CODE> 1                               F02A - F383             35A   rel    1
INTVEC                                 FFE0 - FFF5              16   com    1
RESET                                  FFFE - FFFF               2   rel    1
REGVAR_AN            REGISTER          0008 - 0009               2   rel    0

                ****************************************
                *                                      *
                *        END OF CROSS REFERENCE        *
                *                                      *
                ****************************************

 922 bytes of CODE     memory
 131 bytes of DATA     memory (+ 37 absolute )
   0 bytes of REGISTER memory (+  2 absolute )
   2 bytes of CONST    memory (+ 40 absolute )

Errors: none
Warnings: none

