###############################################################################
#
# IAR C/C++ Compiler V6.40.1.950/W32 for MSP430           07/Mar/2017  16:16:23
# Copyright 1996-2015 IAR Systems AB.
# Standalone license - IAR Embedded Workbench for Texas Instruments MSP430
#
#    __rt_version  =  3
#    __double_size =  32
#    __reg_r4      =  regvar
#    __reg_r5      =  free
#    __pic         =  no
#    __core        =  430
#    Source file   =  E:\_ARTON_PROJ\Arton-DL1-R\BI\soft\git\time.c
#    Command line  =  
#        E:\_ARTON_PROJ\Arton-DL1-R\BI\soft\git\time.c -lcN
#        E:\_ARTON_PROJ\Arton-DL1-R\BI\soft\git\IAR\Debug\List -o
#        E:\_ARTON_PROJ\Arton-DL1-R\BI\soft\git\IAR\Debug\Obj --debug
#        -D__MSP430G2332__ -e --double=32 --regvar_r4 --dlib_config "C:\Program
#        Files (x86)\IAR Systems\Embedded Workbench 7.3\430\lib\dlib\dl430fn.h"
#        -I ..\ -I .\ -Oh
#    List file     =  
#        E:\_ARTON_PROJ\Arton-DL1-R\BI\soft\git\IAR\Debug\List\time.lst
#    Object file   =  
#        E:\_ARTON_PROJ\Arton-DL1-R\BI\soft\git\IAR\Debug\Obj\time.r43
#
###############################################################################

E:\_ARTON_PROJ\Arton-DL1-R\BI\soft\git\time.c
      1          //time.c
      2          
      3          #include "main.h"
      4          #include "time.h"
      5          
      6          
      7          //Declarations
      8          extern __regvar __no_init tFlags 	f 	 @ __R4; 
      9          
     10          //--------------------------------------------------------------------------------
     11          // Function		: void VLO_TimerCalibr(void)
     12          // Parameters	: None
     13          // Return		: None
     14          // Description	: Calculation calibration value of VLO timer
     15          //--------------------------------------------------------------------------------
     16          void VLO_TimerCalibr(void) {
     17          	u16 clk;
     18          	
     19          	// Start timer 1MHz
     20          	TACTL = TASSEL_2 + MC_1 + ID_3;     	 	// SMCLK, up mode  / 8
     21          	//			
     22          	CCR0 = 62500 - 1;	                    // Period 0.5sec
     23          	CCTL1 = 0; 			                    // CCR1 reset/set
     24          	TACCTL0 = CCIE;							// Разрешаем прерывание таймера по достижению значения TACCCR0.
     25          	//
     26          	clk = 0;
     27          	while (1) {
     28          		if (fTimer50msOn) {
     29          			fTimer50msOn = 0;
     30          			clk++;
     31          		}
     32          		if (fTimerA_On) {
     33          			fTimerA_On = 0;
     34          			clk++;
     35          			break;
     36          		}
     37          	}
     38          	//
     39          	//SoundStop();							// Disable interrupts of timer
     40          	TACTL = 0;  
     41          	TACCTL0 = 0;				// Запрещаем прерывание таймера по достижению значения TACCCR0.
     42          	//
     43          	if (clk != CONFIG->timer_calibr) {
     44          		StoragePropertyWord(eeTIMER_CALIBR_OFFSET, clk * 2);
     45          		#if (CRC_ENABLE == 1)
     46          		SavePropertyCS();
     47          		#endif
     48          	}
     49          	//
     50          }
     51          
     52          
     53          
     54          
     55          //--------------------------------------------------------------------------------
     56          // Function		: void VLO_TimerCalibr(void)
     57          // Parameters	: None
     58          // Return		: None
     59          // Description	: Calculation calibration value of VLO timer
     60          //--------------------------------------------------------------------------------
     61          u16 VLO_GetPeriod(void) {
     62          	
     63          	// Start timer 8MHz
     64          	TACTL = TASSEL_2 + MC_1;           	 	// SMCLK, up mode
     65          	//			
     66          	CCR0 =0xFFFF;                    		// Period 2.5mS
     67          	CCTL1 = 0; 			                    // CCR1 reset/set
     68          	TACCTL0 = 0;							// Разрешаем прерывание таймера по достижению значения TACCCR0.
     69          	//
     70          	while (fTimer50msOn == 0) {}
     71          	fTimer50msOn = 0;
     72          	//while (fTimer50msOn == 0) {}
     73          	
     74          	return TAR;
     75          	
     76          }
     77          
     78          
     79          //--------------------------------------------------------------------------------
     80          // Function		: void Timer_A0_Init(void)
     81          // Parameters	: period in us (1..65535) - for 1 MHz DCO
     82          // Return		: None
     83          // Description	: Function initiates delay
     84          //--------------------------------------------------------------------------------
     85          void Timer_A0_Init(void) {
     86          	_BIC_SR(GIE);    					// Запрещаем прерывания
     87          	//
     88          
     89          //	fLPM3 = 0;							// Выключаем режим энергосбережения	
     90          	//
     91          	TA0R = 0;
     92          	TA0CTL 	 = TASSEL_2 + MC_1 + ID_0;  // SMCLK, up mode, div = 1
     93          	TA0CCR0  = SYS_TICK_TIME - 1;   	// Period T(us) * F(MHz)
     94          	TA0CCTL0 = CCIE;					// Разрешаем прерывание таймера по достижению значения TACCCR0.
     95          	//
     96          	_BIS_SR(GIE);    					// Разрешаем прерывания
     97          
     98          }
     99          
    100          //--------------------------------------------------------------------------------
    101          // Function		: void Timer_A_SetDelay(u16 period)
    102          // Parameters	: period in us (1..65535) - for 8 MHz DCO
    103          // Return		: None
    104          // Description	: Function initiates delay
    105          //--------------------------------------------------------------------------------
    106          void Timer_A_SetDelay(u16 period) {
    107          	
    108          	if (period == 0) return;
    109          	
    110          	_BIC_SR(GIE);    					// Запрещаем прерывания
    111          	
    112          	fTimerA_Enable = 1;
    113          	fTimerA_Repeat = 0;
    114          	//
    115          	fLPM3 		= 0;					// Выключаем режим энергосбережения	
    116          	//
    117          	TA0R = 0;
    118          	TACTL 	 = TASSEL_2 + MC_1 + ID_3;  // SMCLK, up mode, div = 8
    119          	CCR0 	 = period - 1;      		// Period T(us) * F(MHz)
    120          	TACCTL0 = CCIE;						// Разрешаем прерывание таймера по достижению значения TACCCR0.
    121          	//
    122          	_BIS_SR(GIE);    					// Разрешаем прерывания
    123          }
    124          
    125          //--------------------------------------------------------------------------------
    126          // Function		: __interrupt void CCR0_ISR(void)
    127          // Parameters	: None
    128          // Return		: None
    129          // Description	: TIMER0 Interrupt routine
    130          //--------------------------------------------------------------------------------
    131          #pragma vector = TIMER0_A0_VECTOR
    132          __interrupt void CCR0_ISR(void) {
    133            fTimerA_On = 1;
    134          	/*
    135          	if (fRedLedFlash) {
    136          		fRedLedFlash = 0;
    137          		RED_CLR();
    138          		//
    139          		fTimerA_Enable = 0;
    140          		TACTL = 0;  
    141          		TACCTL0 = 0;				// Запрещаем прерывание таймера по достижению значения TACCCR0.
    142          		//
    143          		return;
    144          	}
    145          	*/
    146          } // CCR0_ISR
    147          
    148          
    149          //--------------------------------------------------------------------------------
    150          // Function		: void TimerA1_DelayUs(u16 time)
    151          // Parameters	: period in us (1..32768) - for 1 MHz DCO
    152          // Return		: None
    153          // Description	: Function initiates 
    154          //--------------------------------------------------------------------------------
    155          #pragma optimize=none
    156          void TimerA0_DelayUs(u16 time) {
    157          	_BIC_SR(GIE);    					// Запрещаем прерывания
    158          	
    159          	//
    160          	TA0R = 0;
    161          	TA0CTL 	 = TASSEL_2 + MC_1;     	// SMCLK, up mode, div = 8
    162          	TA0CCR0 	 = time - 1 - 35;      	   	// Period T(us) * F(MHz)
    163          	//
    164          	_BIS_SR(GIE);    						// Разрешаем прерывания
    165          	
    166          	while ((TA0CCTL0 & CCIFG) == 0);
    167          	
    168          	TA0CTL 	 = 0;
    169          	TA0CCTL0 = 0;
    170          
    171          }
    172          
    173          
    174          //--------------------------------------------------------------------------------
    175          // Function		: void SoundStart(u8 snd_ind)
    176          // Parameters	: period in us (1..32768) - for 16 MHz DCO
    177          // Return		: None
    178          // Description	: Function initiates 
    179          //--------------------------------------------------------------------------------
    180          void Timer_A_Off(void) {
    181          	_BIC_SR(GIE);    			// Запрещаем прерывания
    182          	//
    183          	TACTL = 0;  
    184          	TACCTL0 = 0;				// Запрещаем прерывание таймера по достижению значения TACCCR0.
    185          	//
    186          //	fLPM3 = 1;					// Включаем режим энергосбережения		
    187          	//
    188          	_BIS_SR(GIE);    			// Разрешаем прерывания
    189          
    190          }

   Maximum stack usage in bytes:

   CSTACK Function
   ------ --------
      4   CCR0_ISR
      2   TimerA0_DelayUs
      2   Timer_A0_Init
      2   Timer_A_Off
      2   Timer_A_SetDelay
      2   VLO_GetPeriod
      2   VLO_TimerCalibr
        2   -> SavePropertyCS
        2   -> StoragePropertyWord


   Segment part sizes:

   Bytes  Function/Label
   -----  --------------
       4  CCR0_ISR
       2  CCR0_ISR::??INTVEC 18
       2  TA0CCR0
       2  TA0CCTL0
       2  TA0CCTL1
       2  TA0CTL
       2  TA0R
      40  TimerA0_DelayUs
      28  Timer_A0_Init
      14  Timer_A_Off
      40  Timer_A_SetDelay
      30  VLO_GetPeriod
      68  VLO_TimerCalibr

 
 224 bytes in segment CODE
  10 bytes in segment DATA16_AN
   2 bytes in segment INTVEC
 
 224 bytes of CODE  memory
   0 bytes of CONST memory (+  2 bytes shared)
   0 bytes of DATA  memory (+ 10 bytes shared)

Errors: none
Warnings: none
